| tests.cpp:53:16:53:19 | data | This argument to an OS command is derived from $@ and then passed to system(string) | tests.cpp:33:34:33:39 | call to getenv | user input (getenv) |
